// ============================================================
// Reference: src/server/auth/{service}.ts
// Use this as a template per-service.
// ============================================================
// Placeholders to substitute:
//   {service}  → app, admin, supplier, etc.
//   {Service}  → App, Admin, Supplier, etc. (PascalCase)
//   {SERVICE}  → APP, ADMIN, SUPPLIER, etc. (UPPER_SNAKE)
//   {basePath} → "/{service}/api/auth"
// ============================================================

import 'server-only'

import { betterAuth, type BetterAuthOptions } from "better-auth"
import { drizzleAdapter } from "better-auth/adapters/drizzle"
import { getDb } from "@/server/db"
import {
  {service}AuthUser,
  {service}AuthSession,
  {service}AuthAccount,
  {service}AuthVerification,
} from "@/server/db/schema"
import { config } from "@/server/config"

let authInstance: ReturnType<typeof betterAuth> | null = null

async function createAuth() {
  const db = await getDb()

  const authOptions: BetterAuthOptions = {
    secret: config.{SERVICE}_AUTH_SECRET,
    basePath: "{basePath}",
    database: drizzleAdapter(db, {
      provider: "sqlite",
      // better-auth looks up tables by the keys `user`, `session`, `account`,
      // `verification`. Because our tables are prefixed per service, you MUST
      // pass an explicit mapping here. `schema: schema` (the whole module) will
      // fail at runtime with "The model 'user' was not found in the schema".
      schema: {
        user: {service}AuthUser,
        session: {service}AuthSession,
        account: {service}AuthAccount,
        verification: {service}AuthVerification,
      },
    }),
    emailAndPassword: {
      enabled: true,
    },
    account: {
      skipStateCookieCheck: true,
    },
    advanced: {
      cookiePrefix: "{service}",
      useSecureCookies: true,
      defaultCookieAttributes: {
        sameSite: "None",
      },
    },
    trustedOrigins: ["*"],
  }

  return betterAuth(authOptions)
}

export const get{Service}Auth = async () => {
  if (!authInstance) {
    authInstance = await createAuth()
  }
  return authInstance
}

export const get{Service}ServerSession = async () => {
  const auth = await get{Service}Auth()
  return auth.api.getSession({
    headers: await import('next/headers').then(m => m.headers()),
  })
}
