// ============================================================
// Reference: src/lib/auth-client/{service}.ts
// Use this as a template per-service.
// ============================================================
// Placeholders to substitute:
//   {service}  → app, admin, etc.
//   {basePath} → "/{service}/api/auth"
// ============================================================

"use client"

import { createAuthClient } from "better-auth/react"

export const {service}Auth = createAuthClient({
  basePath: "{basePath}",
})
