// ============================================================
// Reference: services/{service}/api/user/actions/get-me.ts
// Use this when replacing an existing mock with real auth.
// ============================================================
// Placeholders to substitute:
//   {service} → app, admin, etc.
//   {Service} → App, Admin, etc. (PascalCase)
//   Adjust the User type import path to match the service
// ============================================================

'use server'

import { get{Service}ServerSession } from '@/server/auth/{service}'
import type { User } from '@/services/{service}/state/user'

export async function getMe(): Promise<User | null> {
  const session = await get{Service}ServerSession()
  if (!session?.user) return null

  // Convert the auth user into the app's User type
  return {
    id: session.user.id,
    email: session.user.email,
    name: session.user.name ?? '',
    image: session.user.image ?? null,
    emailVerified: session.user.emailVerified,
    createdAt: session.user.createdAt,
    updatedAt: session.user.updatedAt,
  }
}

// NOTE: If a `member` table exists, look it up by session.user.id and return that instead.
// import { getDb } from '@/server/db'
// import { member } from '@/server/db/schema'
// import { eq } from 'drizzle-orm'
//
// const db = await getDb()
// const row = await db.query.member.findFirst({
//   where: eq(member.id, session.user.id)
// })
// return row ?? null
